Archive member included to satisfy reference by file (symbol)

c:/st/stm32cubeide_1.7.0/stm32cubeide/plugins/com.st.stm32cube.ide.mcu.externaltools.gnu-tools-for-stm32.9-2020-q2-update.win32_2.0.0.202105311346/tools/bin/../lib/gcc/arm-none-eabi/9.3.1/../../../../arm-none-eabi/lib/thumb/v7-m/nofp\libc_nano.a(lib_a-errno.o)
                              ./Core/Src/syscalls.o (__errno)
c:/st/stm32cubeide_1.7.0/stm32cubeide/plugins/com.st.stm32cube.ide.mcu.externaltools.gnu-tools-for-stm32.9-2020-q2-update.win32_2.0.0.202105311346/tools/bin/../lib/gcc/arm-none-eabi/9.3.1/../../../../arm-none-eabi/lib/thumb/v7-m/nofp\libc_nano.a(lib_a-exit.o)
                              c:/st/stm32cubeide_1.7.0/stm32cubeide/plugins/com.st.stm32cube.ide.mcu.externaltools.gnu-tools-for-stm32.9-2020-q2-update.win32_2.0.0.202105311346/tools/bin/../lib/gcc/arm-none-eabi/9.3.1/../../../../arm-none-eabi/lib/thumb/v7-m/nofp/crt0.o (exit)
c:/st/stm32cubeide_1.7.0/stm32cubeide/plugins/com.st.stm32cube.ide.mcu.externaltools.gnu-tools-for-stm32.9-2020-q2-update.win32_2.0.0.202105311346/tools/bin/../lib/gcc/arm-none-eabi/9.3.1/../../../../arm-none-eabi/lib/thumb/v7-m/nofp\libc_nano.a(lib_a-impure.o)
                              c:/st/stm32cubeide_1.7.0/stm32cubeide/plugins/com.st.stm32cube.ide.mcu.externaltools.gnu-tools-for-stm32.9-2020-q2-update.win32_2.0.0.202105311346/tools/bin/../lib/gcc/arm-none-eabi/9.3.1/../../../../arm-none-eabi/lib/thumb/v7-m/nofp\libc_nano.a(lib_a-exit.o) (_global_impure_ptr)
c:/st/stm32cubeide_1.7.0/stm32cubeide/plugins/com.st.stm32cube.ide.mcu.externaltools.gnu-tools-for-stm32.9-2020-q2-update.win32_2.0.0.202105311346/tools/bin/../lib/gcc/arm-none-eabi/9.3.1/../../../../arm-none-eabi/lib/thumb/v7-m/nofp\libc_nano.a(lib_a-init.o)
                              c:/st/stm32cubeide_1.7.0/stm32cubeide/plugins/com.st.stm32cube.ide.mcu.externaltools.gnu-tools-for-stm32.9-2020-q2-update.win32_2.0.0.202105311346/tools/bin/../lib/gcc/arm-none-eabi/9.3.1/../../../../arm-none-eabi/lib/thumb/v7-m/nofp/crt0.o (__libc_init_array)
c:/st/stm32cubeide_1.7.0/stm32cubeide/plugins/com.st.stm32cube.ide.mcu.externaltools.gnu-tools-for-stm32.9-2020-q2-update.win32_2.0.0.202105311346/tools/bin/../lib/gcc/arm-none-eabi/9.3.1/../../../../arm-none-eabi/lib/thumb/v7-m/nofp\libc_nano.a(lib_a-memset.o)
                              c:/st/stm32cubeide_1.7.0/stm32cubeide/plugins/com.st.stm32cube.ide.mcu.externaltools.gnu-tools-for-stm32.9-2020-q2-update.win32_2.0.0.202105311346/tools/bin/../lib/gcc/arm-none-eabi/9.3.1/../../../../arm-none-eabi/lib/thumb/v7-m/nofp/crt0.o (memset)

Allocating common symbols
Common symbol       size              file

uwTick              0x4               ./Drivers/STM32F1xx_HAL_Driver/Src/stm32f1xx_hal.o
pFlash              0x20              ./Drivers/STM32F1xx_HAL_Driver/Src/stm32f1xx_hal_flash.o
htim2               0x48              ./Core/Src/main.o

Discarded input sections

 .text          0x0000000000000000        0x0 c:/st/stm32cubeide_1.7.0/stm32cubeide/plugins/com.st.stm32cube.ide.mcu.externaltools.gnu-tools-for-stm32.9-2020-q2-update.win32_2.0.0.202105311346/tools/bin/../lib/gcc/arm-none-eabi/9.3.1/thumb/v7-m/nofp/crti.o
 .data          0x0000000000000000        0x0 c:/st/stm32cubeide_1.7.0/stm32cubeide/plugins/com.st.stm32cube.ide.mcu.externaltools.gnu-tools-for-stm32.9-2020-q2-update.win32_2.0.0.202105311346/tools/bin/../lib/gcc/arm-none-eabi/9.3.1/thumb/v7-m/nofp/crti.o
 .bss           0x0000000000000000        0x0 c:/st/stm32cubeide_1.7.0/stm32cubeide/plugins/com.st.stm32cube.ide.mcu.externaltools.gnu-tools-for-stm32.9-2020-q2-update.win32_2.0.0.202105311346/tools/bin/../lib/gcc/arm-none-eabi/9.3.1/thumb/v7-m/nofp/crti.o
 .data          0x0000000000000000        0x4 c:/st/stm32cubeide_1.7.0/stm32cubeide/plugins/com.st.stm32cube.ide.mcu.externaltools.gnu-tools-for-stm32.9-2020-q2-update.win32_2.0.0.202105311346/tools/bin/../lib/gcc/arm-none-eabi/9.3.1/thumb/v7-m/nofp/crtbegin.o
 .text          0x0000000000000000       0x7c c:/st/stm32cubeide_1.7.0/stm32cubeide/plugins/com.st.stm32cube.ide.mcu.externaltools.gnu-tools-for-stm32.9-2020-q2-update.win32_2.0.0.202105311346/tools/bin/../lib/gcc/arm-none-eabi/9.3.1/../../../../arm-none-eabi/lib/thumb/v7-m/nofp/crt0.o
 .data          0x0000000000000000        0x0 c:/st/stm32cubeide_1.7.0/stm32cubeide/plugins/com.st.stm32cube.ide.mcu.externaltools.gnu-tools-for-stm32.9-2020-q2-update.win32_2.0.0.202105311346/tools/bin/../lib/gcc/arm-none-eabi/9.3.1/../../../../arm-none-eabi/lib/thumb/v7-m/nofp/crt0.o
 .bss           0x0000000000000000        0x0 c:/st/stm32cubeide_1.7.0/stm32cubeide/plugins/com.st.stm32cube.ide.mcu.externaltools.gnu-tools-for-stm32.9-2020-q2-update.win32_2.0.0.202105311346/tools/bin/../lib/gcc/arm-none-eabi/9.3.1/../../../../arm-none-eabi/lib/thumb/v7-m/nofp/crt0.o
[...]
Memory Configuration

Name             Origin             Length             Attributes
RAM              0x0000000020000000 0x0000000000002800 xrw
FLASH            0x0000000008000000 0x0000000000008000 xr
*default*        0x0000000000000000 0xffffffffffffffff

Linker script and memory map

LOAD c:/st/stm32cubeide_1.7.0/stm32cubeide/plugins/com.st.stm32cube.ide.mcu.externaltools.gnu-tools-for-stm32.9-2020-q2-update.win32_2.0.0.202105311346/tools/bin/../lib/gcc/arm-none-eabi/9.3.1/thumb/v7-m/nofp/crti.o
LOAD c:/st/stm32cubeide_1.7.0/stm32cubeide/plugins/com.st.stm32cube.ide.mcu.externaltools.gnu-tools-for-stm32.9-2020-q2-update.win32_2.0.0.202105311346/tools/bin/../lib/gcc/arm-none-eabi/9.3.1/thumb/v7-m/nofp/crtbegin.o
LOAD c:/st/stm32cubeide_1.7.0/stm32cubeide/plugins/com.st.stm32cube.ide.mcu.externaltools.gnu-tools-for-stm32.9-2020-q2-update.win32_2.0.0.202105311346/tools/bin/../lib/gcc/arm-none-eabi/9.3.1/../../../../arm-none-eabi/lib/thumb/v7-m/nofp/crt0.o
LOAD ./Core/Src/button.o
LOAD ./Core/Src/global.o
LOAD ./Core/Src/led7Seg.o
LOAD ./Core/Src/main.o
LOAD ./Core/Src/set_traffic_light.o
LOAD ./Core/Src/stm32f1xx_hal_msp.o
LOAD ./Core/Src/stm32f1xx_it.o
LOAD ./Core/Src/syscalls.o
LOAD ./Core/Src/sysmem.o
LOAD ./Core/Src/system_stm32f1xx.o
LOAD ./Core/Src/timer.o
LOAD ./Core/Src/traffic_automatic.o
LOAD ./Core/Src/traffic_blink.o
LOAD ./Core/Src/trafic_modify.o
LOAD ./Core/Startup/startup_stm32f103c6ux.o
LOAD ./Drivers/STM32F1xx_HAL_Driver/Src/stm32f1xx_hal.o
LOAD ./Drivers/STM32F1xx_HAL_Driver/Src/stm32f1xx_hal_cortex.o
LOAD ./Drivers/STM32F1xx_HAL_Driver/Src/stm32f1xx_hal_dma.o
LOAD ./Drivers/STM32F1xx_HAL_Driver/Src/stm32f1xx_hal_exti.o
LOAD ./Drivers/STM32F1xx_HAL_Driver/Src/stm32f1xx_hal_flash.o
LOAD ./Drivers/STM32F1xx_HAL_Driver/Src/stm32f1xx_hal_flash_ex.o
LOAD ./Drivers/STM32F1xx_HAL_Driver/Src/stm32f1xx_hal_gpio.o
LOAD ./Drivers/STM32F1xx_HAL_Driver/Src/stm32f1xx_hal_gpio_ex.o
LOAD ./Drivers/STM32F1xx_HAL_Driver/Src/stm32f1xx_hal_pwr.o
LOAD ./Drivers/STM32F1xx_HAL_Driver/Src/stm32f1xx_hal_rcc.o
LOAD ./Drivers/STM32F1xx_HAL_Driver/Src/stm32f1xx_hal_rcc_ex.o
LOAD ./Drivers/STM32F1xx_HAL_Driver/Src/stm32f1xx_hal_tim.o
LOAD ./Drivers/STM32F1xx_HAL_Driver/Src/stm32f1xx_hal_tim_ex.o
START GROUP
LOAD c:/st/stm32cubeide_1.7.0/stm32cubeide/plugins/com.st.stm32cube.ide.mcu.externaltools.gnu-tools-for-stm32.9-2020-q2-update.win32_2.0.0.202105311346/tools/bin/../lib/gcc/arm-none-eabi/9.3.1/../../../../arm-none-eabi/lib/thumb/v7-m/nofp\libc_nano.a
LOAD c:/st/stm32cubeide_1.7.0/stm32cubeide/plugins/com.st.stm32cube.ide.mcu.externaltools.gnu-tools-for-stm32.9-2020-q2-update.win32_2.0.0.202105311346/tools/bin/../lib/gcc/arm-none-eabi/9.3.1/../../../../arm-none-eabi/lib/thumb/v7-m/nofp\libm.a
END GROUP
START GROUP
LOAD c:/st/stm32cubeide_1.7.0/stm32cubeide/plugins/com.st.stm32cube.ide.mcu.externaltools.gnu-tools-for-stm32.9-2020-q2-update.win32_2.0.0.202105311346/tools/bin/../lib/gcc/arm-none-eabi/9.3.1/thumb/v7-m/nofp\libgcc.a
LOAD c:/st/stm32cubeide_1.7.0/stm32cubeide/plugins/com.st.stm32cube.ide.mcu.externaltools.gnu-tools-for-stm32.9-2020-q2-update.win32_2.0.0.202105311346/tools/bin/../lib/gcc/arm-none-eabi/9.3.1/../../../../arm-none-eabi/lib/thumb/v7-m/nofp\libc_nano.a
END GROUP
START GROUP
LOAD c:/st/stm32cubeide_1.7.0/stm32cubeide/plugins/com.st.stm32cube.ide.mcu.externaltools.gnu-tools-for-stm32.9-2020-q2-update.win32_2.0.0.202105311346/tools/bin/../lib/gcc/arm-none-eabi/9.3.1/thumb/v7-m/nofp\libgcc.a
LOAD c:/st/stm32cubeide_1.7.0/stm32cubeide/plugins/com.st.stm32cube.ide.mcu.externaltools.gnu-tools-for-stm32.9-2020-q2-update.win32_2.0.0.202105311346/tools/bin/../lib/gcc/arm-none-eabi/9.3.1/../../../../arm-none-eabi/lib/thumb/v7-m/nofp\libc_nano.a
LOAD c:/st/stm32cubeide_1.7.0/stm32cubeide/plugins/com.st.stm32cube.ide.mcu.externaltools.gnu-tools-for-stm32.9-2020-q2-update.win32_2.0.0.202105311346/tools/bin/../lib/gcc/arm-none-eabi/9.3.1/../../../../arm-none-eabi/lib/thumb/v7-m/nofp\libnosys.a
END GROUP
START GROUP
LOAD c:/st/stm32cubeide_1.7.0/stm32cubeide/plugins/com.st.stm32cube.ide.mcu.externaltools.gnu-tools-for-stm32.9-2020-q2-update.win32_2.0.0.202105311346/tools/bin/../lib/gcc/arm-none-eabi/9.3.1/thumb/v7-m/nofp\libgcc.a
LOAD c:/st/stm32cubeide_1.7.0/stm32cubeide/plugins/com.st.stm32cube.ide.mcu.externaltools.gnu-tools-for-stm32.9-2020-q2-update.win32_2.0.0.202105311346/tools/bin/../lib/gcc/arm-none-eabi/9.3.1/../../../../arm-none-eabi/lib/thumb/v7-m/nofp\libc_nano.a
LOAD c:/st/stm32cubeide_1.7.0/stm32cubeide/plugins/com.st.stm32cube.ide.mcu.externaltools.gnu-tools-for-stm32.9-2020-q2-update.win32_2.0.0.202105311346/tools/bin/../lib/gcc/arm-none-eabi/9.3.1/../../../../arm-none-eabi/lib/thumb/v7-m/nofp\libnosys.a
END GROUP
LOAD c:/st/stm32cubeide_1.7.0/stm32cubeide/plugins/com.st.stm32cube.ide.mcu.externaltools.gnu-tools-for-stm32.9-2020-q2-update.win32_2.0.0.202105311346/tools/bin/../lib/gcc/arm-none-eabi/9.3.1/thumb/v7-m/nofp/crtend.o
LOAD c:/st/stm32cubeide_1.7.0/stm32cubeide/plugins/com.st.stm32cube.ide.mcu.externaltools.gnu-tools-for-stm32.9-2020-q2-update.win32_2.0.0.202105311346/tools/bin/../lib/gcc/arm-none-eabi/9.3.1/thumb/v7-m/nofp/crtn.o
                0x0000000020002800                _estack = (ORIGIN (RAM) + LENGTH (RAM))
                0x0000000000000200                _Min_Heap_Size = 0x200
                0x0000000000000400                _Min_Stack_Size = 0x400

.isr_vector     0x0000000008000000      0x10c
                0x0000000008000000                . = ALIGN (0x4)
 *(.isr_vector)
 .isr_vector    0x0000000008000000      0x10c ./Core/Startup/startup_stm32f103c6ux.o
                0x0000000008000000                g_pfnVectors
                0x000000000800010c                . = ALIGN (0x4)

.text           0x000000000800010c     0x29c8
                0x000000000800010c                . = ALIGN (0x4)
 *(.text)
 .text          0x000000000800010c       0x40 c:/st/stm32cubeide_1.7.0/stm32cubeide/plugins/com.st.stm32cube.ide.mcu.externaltools.gnu-tools-for-stm32.9-2020-q2-update.win32_2.0.0.202105311346/tools/bin/../lib/gcc/arm-none-eabi/9.3.1/thumb/v7-m/nofp/crtbegin.o
 *(.text*)
 .text.subKeyProcess
                0x000000000800014c       0x48 ./Core/Src/button.o
                0x000000000800014c                subKeyProcess
 .text.getKeyInput
                0x0000000008000194      0x150 ./Core/Src/button.o
                0x0000000008000194                getKeyInput
 .text.is_button1_pressed
                0x00000000080002e4       0x24 ./Core/Src/button.o
                0x00000000080002e4                is_button1_pressed
 .text.is_button2_pressed
                0x0000000008000308       0x24 ./Core/Src/button.o
                0x0000000008000308                is_button2_pressed
 .text.is_button3_pressed
                0x000000000800032c       0x24 ./Core/Src/button.o
                0x000000000800032c                is_button3_pressed
 .text.display7SEG
                0x0000000008000350      0x174 ./Core/Src/led7Seg.o
                0x0000000008000350                display7SEG
 .text.setEnableSignal
                0x00000000080004c4      0x194 ./Core/Src/led7Seg.o
                0x00000000080004c4                setEnableSignal
 .text.main     0x0000000008000658      0x204 ./Core/Src/main.o
                0x0000000008000658                main
 .text.SystemClock_Config
                0x000000000800085c       0x76 ./Core/Src/main.o
                0x000000000800085c                SystemClock_Config
 *fill*         0x00000000080008d2        0x2 
 .text.MX_TIM2_Init
                0x00000000080008d4       0x98 ./Core/Src/main.o
 .text.MX_GPIO_Init
                0x000000000800096c       0xc8 ./Core/Src/main.o
 .text.HAL_TIM_PeriodElapsedCallback
                0x0000000008000a34       0x18 ./Core/Src/main.o
                0x0000000008000a34                HAL_TIM_PeriodElapsedCallback
 .text.Error_Handler
                0x0000000008000a4c        0xa ./Core/Src/main.o
                0x0000000008000a4c                Error_Handler
 *fill*         0x0000000008000a56        0x2 
 .text.set_traffic_light
                0x0000000008000a58      0x144 ./Core/Src/set_traffic_light.o
                0x0000000008000a58                set_traffic_light
 .text.clearLight
                0x0000000008000b9c       0x54 ./Core/Src/set_traffic_light.o
                0x0000000008000b9c                clearLight
 .text.HAL_MspInit
                0x0000000008000bf0       0x64 ./Core/Src/stm32f1xx_hal_msp.o
                0x0000000008000bf0                HAL_MspInit
 .text.HAL_TIM_Base_MspInit
                0x0000000008000c54       0x48 ./Core/Src/stm32f1xx_hal_msp.o
                0x0000000008000c54                HAL_TIM_Base_MspInit
 .text.NMI_Handler
                0x0000000008000c9c        0x6 ./Core/Src/stm32f1xx_it.o
                0x0000000008000c9c                NMI_Handler
 .text.HardFault_Handler
                0x0000000008000ca2        0x6 ./Core/Src/stm32f1xx_it.o
                0x0000000008000ca2                HardFault_Handler
 .text.MemManage_Handler
                0x0000000008000ca8        0x6 ./Core/Src/stm32f1xx_it.o
                0x0000000008000ca8                MemManage_Handler
 .text.BusFault_Handler
                0x0000000008000cae        0x6 ./Core/Src/stm32f1xx_it.o
                0x0000000008000cae                BusFault_Handler
 .text.UsageFault_Handler
                0x0000000008000cb4        0x6 ./Core/Src/stm32f1xx_it.o
                0x0000000008000cb4                UsageFault_Handler
 .text.SVC_Handler
                0x0000000008000cba        0xc ./Core/Src/stm32f1xx_it.o
                0x0000000008000cba                SVC_Handler
 .text.DebugMon_Handler
                0x0000000008000cc6        0xc ./Core/Src/stm32f1xx_it.o
                0x0000000008000cc6                DebugMon_Handler
 .text.PendSV_Handler
                0x0000000008000cd2        0xc ./Core/Src/stm32f1xx_it.o
                0x0000000008000cd2                PendSV_Handler
 .text.SysTick_Handler
                0x0000000008000cde        0xc ./Core/Src/stm32f1xx_it.o
                0x0000000008000cde                SysTick_Handler
 *fill*         0x0000000008000cea        0x2 
 .text.TIM2_IRQHandler
                0x0000000008000cec       0x14 ./Core/Src/stm32f1xx_it.o
                0x0000000008000cec                TIM2_IRQHandler
 .text.SystemInit
                0x0000000008000d00        0xc ./Core/Src/system_stm32f1xx.o
                0x0000000008000d00                SystemInit
 .text.setTimer0
                0x0000000008000d0c       0x34 ./Core/Src/timer.o
                0x0000000008000d0c                setTimer0
 .text.setTimer1
                0x0000000008000d40       0x34 ./Core/Src/timer.o
                0x0000000008000d40                setTimer1
 .text.setTimerLed
                0x0000000008000d74       0x34 ./Core/Src/timer.o
                0x0000000008000d74                setTimerLed
 .text.setTimerLed7Seg
                0x0000000008000da8       0x34 ./Core/Src/timer.o
                0x0000000008000da8                setTimerLed7Seg
 .text.setTimerCountDown
                0x0000000008000ddc       0x34 ./Core/Src/timer.o
                0x0000000008000ddc                setTimerCountDown
 .text.timerRun
                0x0000000008000e10       0xd4 ./Core/Src/timer.o
                0x0000000008000e10                timerRun
 .text.is_change_mode
                0x0000000008000ee4       0x50 ./Core/Src/traffic_automatic.o
                0x0000000008000ee4                is_change_mode
 .text.fsm_traffic_automatic
                0x0000000008000f34      0x218 ./Core/Src/traffic_automatic.o
                0x0000000008000f34                fsm_traffic_automatic
 .text.traffic_blink
                0x000000000800114c       0x70 ./Core/Src/traffic_blink.o
                0x000000000800114c                traffic_blink
 .text.fsm_traffic_modify
                0x00000000080011bc      0x260 ./Core/Src/trafic_modify.o
                0x00000000080011bc                fsm_traffic_modify
 .text.Reset_Handler
                0x000000000800141c       0x48 ./Core/Startup/startup_stm32f103c6ux.o
                0x000000000800141c                Reset_Handler
 .text.Default_Handler
                0x0000000008001464        0x2 ./Core/Startup/startup_stm32f103c6ux.o
                0x0000000008001464                RTC_Alarm_IRQHandler
                0x0000000008001464                EXTI2_IRQHandler
                0x0000000008001464                TIM1_CC_IRQHandler
                0x0000000008001464                PVD_IRQHandler
                0x0000000008001464                EXTI3_IRQHandler
                0x0000000008001464                EXTI0_IRQHandler
                0x0000000008001464                ADC1_2_IRQHandler
                0x0000000008001464                SPI1_IRQHandler
                0x0000000008001464                TAMPER_IRQHandler
                0x0000000008001464                DMA1_Channel4_IRQHandler
                0x0000000008001464                RTC_IRQHandler
                0x0000000008001464                DMA1_Channel7_IRQHandler
                0x0000000008001464                CAN1_RX1_IRQHandler
                0x0000000008001464                I2C1_EV_IRQHandler
                0x0000000008001464                DMA1_Channel6_IRQHandler
                0x0000000008001464                TIM3_IRQHandler
                0x0000000008001464                RCC_IRQHandler
                0x0000000008001464                TIM1_TRG_COM_IRQHandler
                0x0000000008001464                DMA1_Channel1_IRQHandler
                0x0000000008001464                Default_Handler
                0x0000000008001464                EXTI15_10_IRQHandler
                0x0000000008001464                EXTI9_5_IRQHandler
                0x0000000008001464                DMA1_Channel5_IRQHandler
                0x0000000008001464                EXTI4_IRQHandler
                0x0000000008001464                USB_LP_CAN1_RX0_IRQHandler
                0x0000000008001464                USB_HP_CAN1_TX_IRQHandler
                0x0000000008001464                DMA1_Channel3_IRQHandler
                0x0000000008001464                TIM1_UP_IRQHandler
                0x0000000008001464                WWDG_IRQHandler
                0x0000000008001464                TIM1_BRK_IRQHandler
                0x0000000008001464                EXTI1_IRQHandler
                0x0000000008001464                USART2_IRQHandler
                0x0000000008001464                DMA1_Channel2_IRQHandler
                0x0000000008001464                CAN1_SCE_IRQHandler
                0x0000000008001464                FLASH_IRQHandler
                0x0000000008001464                USART1_IRQHandler
                0x0000000008001464                I2C1_ER_IRQHandler
                0x0000000008001464                USBWakeUp_IRQHandler
 *fill*         0x0000000008001466        0x2 
 .text.HAL_Init
                0x0000000008001468       0x2c ./Drivers/STM32F1xx_HAL_Driver/Src/stm32f1xx_hal.o
                0x0000000008001468                HAL_Init
 .text.HAL_InitTick
                0x0000000008001494       0x60 ./Drivers/STM32F1xx_HAL_Driver/Src/stm32f1xx_hal.o
                0x0000000008001494                HAL_InitTick
 .text.HAL_IncTick
                0x00000000080014f4       0x24 ./Drivers/STM32F1xx_HAL_Driver/Src/stm32f1xx_hal.o
                0x00000000080014f4                HAL_IncTick
 .text.HAL_GetTick
                0x0000000008001518       0x14 ./Drivers/STM32F1xx_HAL_Driver/Src/stm32f1xx_hal.o
                0x0000000008001518                HAL_GetTick
 .text.__NVIC_SetPriorityGrouping
                0x000000000800152c       0x48 ./Drivers/STM32F1xx_HAL_Driver/Src/stm32f1xx_hal_cortex.o
 .text.__NVIC_GetPriorityGrouping
                0x0000000008001574       0x1c ./Drivers/STM32F1xx_HAL_Driver/Src/stm32f1xx_hal_cortex.o
 .text.__NVIC_EnableIRQ
                0x0000000008001590       0x38 ./Drivers/STM32F1xx_HAL_Driver/Src/stm32f1xx_hal_cortex.o
 .text.__NVIC_SetPriority
                0x00000000080015c8       0x54 ./Drivers/STM32F1xx_HAL_Driver/Src/stm32f1xx_hal_cortex.o
 .text.NVIC_EncodePriority
                0x000000000800161c       0x64 ./Drivers/STM32F1xx_HAL_Driver/Src/stm32f1xx_hal_cortex.o
 .text.SysTick_Config
                0x0000000008001680       0x44 ./Drivers/STM32F1xx_HAL_Driver/Src/stm32f1xx_hal_cortex.o
 .text.HAL_NVIC_SetPriorityGrouping
                0x00000000080016c4       0x16 ./Drivers/STM32F1xx_HAL_Driver/Src/stm32f1xx_hal_cortex.o
                0x00000000080016c4                HAL_NVIC_SetPriorityGrouping
 .text.HAL_NVIC_SetPriority
                0x00000000080016da       0x38 ./Drivers/STM32F1xx_HAL_Driver/Src/stm32f1xx_hal_cortex.o
                0x00000000080016da                HAL_NVIC_SetPriority
 .text.HAL_NVIC_EnableIRQ
                0x0000000008001712       0x1c ./Drivers/STM32F1xx_HAL_Driver/Src/stm32f1xx_hal_cortex.o
                0x0000000008001712                HAL_NVIC_EnableIRQ
 .text.HAL_SYSTICK_Config
                0x000000000800172e       0x18 ./Drivers/STM32F1xx_HAL_Driver/Src/stm32f1xx_hal_cortex.o
                0x000000000800172e                HAL_SYSTICK_Config
 *fill*         0x0000000008001746        0x2 
 .text.HAL_GPIO_Init
                0x0000000008001748      0x2f4 ./Drivers/STM32F1xx_HAL_Driver/Src/stm32f1xx_hal_gpio.o
                0x0000000008001748                HAL_GPIO_Init
 .text.HAL_GPIO_ReadPin
                0x0000000008001a3c       0x2e ./Drivers/STM32F1xx_HAL_Driver/Src/stm32f1xx_hal_gpio.o
                0x0000000008001a3c                HAL_GPIO_ReadPin
 .text.HAL_GPIO_WritePin
                0x0000000008001a6a       0x30 ./Drivers/STM32F1xx_HAL_Driver/Src/stm32f1xx_hal_gpio.o
                0x0000000008001a6a                HAL_GPIO_WritePin
 .text.HAL_GPIO_TogglePin
                0x0000000008001a9a       0x32 ./Drivers/STM32F1xx_HAL_Driver/Src/stm32f1xx_hal_gpio.o
                0x0000000008001a9a                HAL_GPIO_TogglePin
 .text.HAL_RCC_OscConfig
                0x0000000008001acc      0x500 ./Drivers/STM32F1xx_HAL_Driver/Src/stm32f1xx_hal_rcc.o
                0x0000000008001acc                HAL_RCC_OscConfig
 .text.HAL_RCC_ClockConfig
                0x0000000008001fcc      0x1d4 ./Drivers/STM32F1xx_HAL_Driver/Src/stm32f1xx_hal_rcc.o
                0x0000000008001fcc                HAL_RCC_ClockConfig
 .text.HAL_RCC_GetSysClockFreq
                0x00000000080021a0       0xc0 ./Drivers/STM32F1xx_HAL_Driver/Src/stm32f1xx_hal_rcc.o
                0x00000000080021a0                HAL_RCC_GetSysClockFreq
 .text.RCC_Delay
                0x0000000008002260       0x3c ./Drivers/STM32F1xx_HAL_Driver/Src/stm32f1xx_hal_rcc.o
 .text.HAL_TIM_Base_Init
                0x000000000800229c       0x9e ./Drivers/STM32F1xx_HAL_Driver/Src/stm32f1xx_hal_tim.o
                0x000000000800229c                HAL_TIM_Base_Init
 *fill*         0x000000000800233a        0x2 
 .text.HAL_TIM_Base_Start_IT
                0x000000000800233c       0x98 ./Drivers/STM32F1xx_HAL_Driver/Src/stm32f1xx_hal_tim.o
                0x000000000800233c                HAL_TIM_Base_Start_IT
 .text.HAL_TIM_IRQHandler
                0x00000000080023d4      0x210 ./Drivers/STM32F1xx_HAL_Driver/Src/stm32f1xx_hal_tim.o
                0x00000000080023d4                HAL_TIM_IRQHandler
 .text.HAL_TIM_ConfigClockSource
                0x00000000080025e4      0x188 ./Drivers/STM32F1xx_HAL_Driver/Src/stm32f1xx_hal_tim.o
                0x00000000080025e4                HAL_TIM_ConfigClockSource
 .text.HAL_TIM_OC_DelayElapsedCallback
                0x000000000800276c       0x12 ./Drivers/STM32F1xx_HAL_Driver/Src/stm32f1xx_hal_tim.o
                0x000000000800276c                HAL_TIM_OC_DelayElapsedCallback
 .text.HAL_TIM_IC_CaptureCallback
                0x000000000800277e       0x12 ./Drivers/STM32F1xx_HAL_Driver/Src/stm32f1xx_hal_tim.o
                0x000000000800277e                HAL_TIM_IC_CaptureCallback
 .text.HAL_TIM_PWM_PulseFinishedCallback
                0x0000000008002790       0x12 ./Drivers/STM32F1xx_HAL_Driver/Src/stm32f1xx_hal_tim.o
                0x0000000008002790                HAL_TIM_PWM_PulseFinishedCallback
 .text.HAL_TIM_TriggerCallback
                0x00000000080027a2       0x12 ./Drivers/STM32F1xx_HAL_Driver/Src/stm32f1xx_hal_tim.o
                0x00000000080027a2                HAL_TIM_TriggerCallback
 .text.TIM_Base_SetConfig
                0x00000000080027b4       0xb0 ./Drivers/STM32F1xx_HAL_Driver/Src/stm32f1xx_hal_tim.o
                0x00000000080027b4                TIM_Base_SetConfig
 .text.TIM_TI1_ConfigInputStage
                0x0000000008002864       0x5c ./Drivers/STM32F1xx_HAL_Driver/Src/stm32f1xx_hal_tim.o
 .text.TIM_TI2_ConfigInputStage
                0x00000000080028c0       0x5e ./Drivers/STM32F1xx_HAL_Driver/Src/stm32f1xx_hal_tim.o
 .text.TIM_ITRx_SetConfig
                0x000000000800291e       0x34 ./Drivers/STM32F1xx_HAL_Driver/Src/stm32f1xx_hal_tim.o
 .text.TIM_ETR_SetConfig
                0x0000000008002952       0x3e ./Drivers/STM32F1xx_HAL_Driver/Src/stm32f1xx_hal_tim.o
                0x0000000008002952                TIM_ETR_SetConfig
 .text.HAL_TIMEx_MasterConfigSynchronization
                0x0000000008002990       0xb0 ./Drivers/STM32F1xx_HAL_Driver/Src/stm32f1xx_hal_tim_ex.o
                0x0000000008002990                HAL_TIMEx_MasterConfigSynchronization
 .text.HAL_TIMEx_CommutCallback
                0x0000000008002a40       0x12 ./Drivers/STM32F1xx_HAL_Driver/Src/stm32f1xx_hal_tim_ex.o
                0x0000000008002a40                HAL_TIMEx_CommutCallback
 .text.HAL_TIMEx_BreakCallback
                0x0000000008002a52       0x12 ./Drivers/STM32F1xx_HAL_Driver/Src/stm32f1xx_hal_tim_ex.o
                0x0000000008002a52                HAL_TIMEx_BreakCallback
 .text.__libc_init_array
                0x0000000008002a64       0x48 c:/st/stm32cubeide_1.7.0/stm32cubeide/plugins/com.st.stm32cube.ide.mcu.externaltools.gnu-tools-for-stm32.9-2020-q2-update.win32_2.0.0.202105311346/tools/bin/../lib/gcc/arm-none-eabi/9.3.1/../../../../arm-none-eabi/lib/thumb/v7-m/nofp\libc_nano.a(lib_a-init.o)
                0x0000000008002a64                __libc_init_array
 .text.memset   0x0000000008002aac       0x10 c:/st/stm32cubeide_1.7.0/stm32cubeide/plugins/com.st.stm32cube.ide.mcu.externaltools.gnu-tools-for-stm32.9-2020-q2-update.win32_2.0.0.202105311346/tools/bin/../lib/gcc/arm-none-eabi/9.3.1/../../../../arm-none-eabi/lib/thumb/v7-m/nofp\libc_nano.a(lib_a-memset.o)
                0x0000000008002aac                memset
 *(.glue_7)
 .glue_7        0x0000000008002abc        0x0 linker stubs
 *(.glue_7t)
 .glue_7t       0x0000000008002abc        0x0 linker stubs
 *(.eh_frame)
 .eh_frame      0x0000000008002abc        0x0 c:/st/stm32cubeide_1.7.0/stm32cubeide/plugins/com.st.stm32cube.ide.mcu.externaltools.gnu-tools-for-stm32.9-2020-q2-update.win32_2.0.0.202105311346/tools/bin/../lib/gcc/arm-none-eabi/9.3.1/thumb/v7-m/nofp/crtbegin.o
 *(.init)
 .init          0x0000000008002abc        0x4 c:/st/stm32cubeide_1.7.0/stm32cubeide/plugins/com.st.stm32cube.ide.mcu.externaltools.gnu-tools-for-stm32.9-2020-q2-update.win32_2.0.0.202105311346/tools/bin/../lib/gcc/arm-none-eabi/9.3.1/thumb/v7-m/nofp/crti.o
                0x0000000008002abc                _init
 .init          0x0000000008002ac0        0x8 c:/st/stm32cubeide_1.7.0/stm32cubeide/plugins/com.st.stm32cube.ide.mcu.externaltools.gnu-tools-for-stm32.9-2020-q2-update.win32_2.0.0.202105311346/tools/bin/../lib/gcc/arm-none-eabi/9.3.1/thumb/v7-m/nofp/crtn.o
 *(.fini)
 .fini          0x0000000008002ac8        0x4 c:/st/stm32cubeide_1.7.0/stm32cubeide/plugins/com.st.stm32cube.ide.mcu.externaltools.gnu-tools-for-stm32.9-2020-q2-update.win32_2.0.0.202105311346/tools/bin/../lib/gcc/arm-none-eabi/9.3.1/thumb/v7-m/nofp/crti.o
                0x0000000008002ac8                _fini
 .fini          0x0000000008002acc        0x8 c:/st/stm32cubeide_1.7.0/stm32cubeide/plugins/com.st.stm32cube.ide.mcu.externaltools.gnu-tools-for-stm32.9-2020-q2-update.win32_2.0.0.202105311346/tools/bin/../lib/gcc/arm-none-eabi/9.3.1/thumb/v7-m/nofp/crtn.o
                0x0000000008002ad4                . = ALIGN (0x4)
                0x0000000008002ad4                _etext = .

.vfp11_veneer   0x0000000008002ad4        0x0
 .vfp11_veneer  0x0000000008002ad4        0x0 linker stubs

.v4_bx          0x0000000008002ad4        0x0
 .v4_bx         0x0000000008002ad4        0x0 linker stubs

.iplt           0x0000000008002ad4        0x0
 .iplt          0x0000000008002ad4        0x0 c:/st/stm32cubeide_1.7.0/stm32cubeide/plugins/com.st.stm32cube.ide.mcu.externaltools.gnu-tools-for-stm32.9-2020-q2-update.win32_2.0.0.202105311346/tools/bin/../lib/gcc/arm-none-eabi/9.3.1/thumb/v7-m/nofp/crtbegin.o

.rodata         0x0000000008002ad4       0x20
                0x0000000008002ad4                . = ALIGN (0x4)
 *(.rodata)
 .rodata        0x0000000008002ad4       0x10 ./Drivers/STM32F1xx_HAL_Driver/Src/stm32f1xx_hal_rcc.o
 *(.rodata*)
 .rodata.AHBPrescTable
                0x0000000008002ae4       0x10 ./Core/Src/system_stm32f1xx.o
                0x0000000008002ae4                AHBPrescTable
                0x0000000008002af4                . = ALIGN (0x4)

.rel.dyn        0x0000000008002af4        0x0
 .rel.iplt      0x0000000008002af4        0x0 c:/st/stm32cubeide_1.7.0/stm32cubeide/plugins/com.st.stm32cube.ide.mcu.externaltools.gnu-tools-for-stm32.9-2020-q2-update.win32_2.0.0.202105311346/tools/bin/../lib/gcc/arm-none-eabi/9.3.1/thumb/v7-m/nofp/crtbegin.o

.ARM.extab      0x0000000008002af4        0x0
                0x0000000008002af4                . = ALIGN (0x4)
 *(.ARM.extab* .gnu.linkonce.armextab.*)
                0x0000000008002af4                . = ALIGN (0x4)

.ARM            0x0000000008002af4        0x0
                0x0000000008002af4                . = ALIGN (0x4)
                0x0000000008002af4                __exidx_start = .
 *(.ARM.exidx*)
                0x0000000008002af4                __exidx_end = .
                0x0000000008002af4                . = ALIGN (0x4)

.preinit_array  0x0000000008002af4        0x0
                0x0000000008002af4                . = ALIGN (0x4)
                0x0000000008002af4                PROVIDE (__preinit_array_start = .)
 *(.preinit_array*)
                0x0000000008002af4                PROVIDE (__preinit_array_end = .)
                0x0000000008002af4                . = ALIGN (0x4)

.init_array     0x0000000008002af4        0x4
                0x0000000008002af4                . = ALIGN (0x4)
                0x0000000008002af4                PROVIDE (__init_array_start = .)
 *(SORT_BY_NAME(.init_array.*))
 *(.init_array*)
 .init_array    0x0000000008002af4        0x4 c:/st/stm32cubeide_1.7.0/stm32cubeide/plugins/com.st.stm32cube.ide.mcu.externaltools.gnu-tools-for-stm32.9-2020-q2-update.win32_2.0.0.202105311346/tools/bin/../lib/gcc/arm-none-eabi/9.3.1/thumb/v7-m/nofp/crtbegin.o
                0x0000000008002af8                PROVIDE (__init_array_end = .)
                0x0000000008002af8                . = ALIGN (0x4)

.fini_array     0x0000000008002af8        0x4
                0x0000000008002af8                . = ALIGN (0x4)
                [!provide]                        PROVIDE (__fini_array_start = .)
 *(SORT_BY_NAME(.fini_array.*))
 *(.fini_array*)
 .fini_array    0x0000000008002af8        0x4 c:/st/stm32cubeide_1.7.0/stm32cubeide/plugins/com.st.stm32cube.ide.mcu.externaltools.gnu-tools-for-stm32.9-2020-q2-update.win32_2.0.0.202105311346/tools/bin/../lib/gcc/arm-none-eabi/9.3.1/thumb/v7-m/nofp/crtbegin.o
                [!provide]                        PROVIDE (__fini_array_end = .)
                0x0000000008002afc                . = ALIGN (0x4)
                0x0000000008002afc                _sidata = LOADADDR (.data)

.data           0x0000000020000000       0x6c load address 0x0000000008002afc
                0x0000000020000000                . = ALIGN (0x4)
                0x0000000020000000                _sdata = .
 *(.data)
 *(.data*)
 .data.KeyReg0  0x0000000020000000        0xc ./Core/Src/button.o
                0x0000000020000000                KeyReg0
 .data.KeyReg1  0x000000002000000c        0xc ./Core/Src/button.o
                0x000000002000000c                KeyReg1
 .data.KeyReg2  0x0000000020000018        0xc ./Core/Src/button.o
                0x0000000020000018                KeyReg2
 .data.KeyReg3  0x0000000020000024        0xc ./Core/Src/button.o
                0x0000000020000024                KeyReg3
 .data.TimeOutForKeyPress
                0x0000000020000030        0x4 ./Core/Src/button.o
                0x0000000020000030                TimeOutForKeyPress
 .data.status   0x0000000020000034        0x4 ./Core/Src/global.o
                0x0000000020000034                status
 .data.ledMode  0x0000000020000038        0x4 ./Core/Src/global.o
                0x0000000020000038                ledMode
 .data.status_1
                0x000000002000003c        0x4 ./Core/Src/global.o
                0x000000002000003c                status_1
 .data.status_2
                0x0000000020000040        0x4 ./Core/Src/global.o
                0x0000000020000040                status_2
 .data.SystemCoreClock
                0x0000000020000044        0x4 ./Core/Src/system_stm32f1xx.o
                0x0000000020000044                SystemCoreClock
 .data.TIMER_CYCLE
                0x0000000020000048        0x4 ./Core/Src/timer.o
                0x0000000020000048                TIMER_CYCLE
 .data.SCALE    0x000000002000004c        0x4 ./Core/Src/traffic_automatic.o
                0x000000002000004c                SCALE
 .data.time_red
                0x0000000020000050        0x4 ./Core/Src/traffic_automatic.o
                0x0000000020000050                time_red
 .data.time_green
                0x0000000020000054        0x4 ./Core/Src/traffic_automatic.o
                0x0000000020000054                time_green
 .data.time_yellow
                0x0000000020000058        0x4 ./Core/Src/traffic_automatic.o
                0x0000000020000058                time_yellow
 .data.time1    0x000000002000005c        0x4 ./Core/Src/traffic_automatic.o
                0x000000002000005c                time1
 .data.time2    0x0000000020000060        0x4 ./Core/Src/traffic_automatic.o
                0x0000000020000060                time2
 .data.uwTickPrio
                0x0000000020000064        0x4 ./Drivers/STM32F1xx_HAL_Driver/Src/stm32f1xx_hal.o
                0x0000000020000064                uwTickPrio
 .data.uwTickFreq
                0x0000000020000068        0x1 ./Drivers/STM32F1xx_HAL_Driver/Src/stm32f1xx_hal.o
                0x0000000020000068                uwTickFreq
 *(.RamFunc)
 *(.RamFunc*)
                0x000000002000006c                . = ALIGN (0x4)
 *fill*         0x0000000020000069        0x3 
                0x000000002000006c                _edata = .

.igot.plt       0x000000002000006c        0x0 load address 0x0000000008002b68
 .igot.plt      0x000000002000006c        0x0 c:/st/stm32cubeide_1.7.0/stm32cubeide/plugins/com.st.stm32cube.ide.mcu.externaltools.gnu-tools-for-stm32.9-2020-q2-update.win32_2.0.0.202105311346/tools/bin/../lib/gcc/arm-none-eabi/9.3.1/thumb/v7-m/nofp/crtbegin.o
                0x000000002000006c                . = ALIGN (0x4)

.bss            0x000000002000006c       0xa0 load address 0x0000000008002b68
                0x000000002000006c                _sbss = .
                0x000000002000006c                __bss_start__ = _sbss
 *(.bss)
 .bss           0x000000002000006c       0x1c c:/st/stm32cubeide_1.7.0/stm32cubeide/plugins/com.st.stm32cube.ide.mcu.externaltools.gnu-tools-for-stm32.9-2020-q2-update.win32_2.0.0.202105311346/tools/bin/../lib/gcc/arm-none-eabi/9.3.1/thumb/v7-m/nofp/crtbegin.o
 *(.bss*)
 .bss.button1_flag
                0x0000000020000088        0x4 ./Core/Src/button.o
                0x0000000020000088                button1_flag
 .bss.button2_flag
                0x000000002000008c        0x4 ./Core/Src/button.o
                0x000000002000008c                button2_flag
 .bss.button3_flag
                0x0000000020000090        0x4 ./Core/Src/button.o
                0x0000000020000090                button3_flag
 .bss.time_modify
                0x0000000020000094        0x4 ./Core/Src/global.o
                0x0000000020000094                time_modify
 .bss.timer0_flag
                0x0000000020000098        0x4 ./Core/Src/timer.o
                0x0000000020000098                timer0_flag
 .bss.timer0_counter
                0x000000002000009c        0x4 ./Core/Src/timer.o
                0x000000002000009c                timer0_counter
 .bss.timer1_flag
                0x00000000200000a0        0x4 ./Core/Src/timer.o
                0x00000000200000a0                timer1_flag
 .bss.timer1_counter
                0x00000000200000a4        0x4 ./Core/Src/timer.o
                0x00000000200000a4                timer1_counter
 .bss.timerLed_flag
                0x00000000200000a8        0x4 ./Core/Src/timer.o
                0x00000000200000a8                timerLed_flag
 .bss.timerLed_counter
                0x00000000200000ac        0x4 ./Core/Src/timer.o
                0x00000000200000ac                timerLed_counter
 .bss.timerLed7Seg_flag
                0x00000000200000b0        0x4 ./Core/Src/timer.o
                0x00000000200000b0                timerLed7Seg_flag
 .bss.timerLed7Seg_counter
                0x00000000200000b4        0x4 ./Core/Src/timer.o
                0x00000000200000b4                timerLed7Seg_counter
 .bss.timerCountDown_flag
                0x00000000200000b8        0x4 ./Core/Src/timer.o
                0x00000000200000b8                timerCountDown_flag
 .bss.timerCountDown_counter
                0x00000000200000bc        0x4 ./Core/Src/timer.o
                0x00000000200000bc                timerCountDown_counter
 *(COMMON)
 COMMON         0x00000000200000c0       0x48 ./Core/Src/main.o
                0x00000000200000c0                htim2
 COMMON         0x0000000020000108        0x4 ./Drivers/STM32F1xx_HAL_Driver/Src/stm32f1xx_hal.o
                0x0000000020000108                uwTick
                0x000000002000010c                . = ALIGN (0x4)
                0x000000002000010c                _ebss = .
                0x000000002000010c                __bss_end__ = _ebss

._user_heap_stack
                0x000000002000010c      0x604 load address 0x0000000008002b68
                0x0000000020000110                . = ALIGN (0x8)
 *fill*         0x000000002000010c        0x4 
                [!provide]                        PROVIDE (end = .)
                0x0000000020000110                PROVIDE (_end = .)
                0x0000000020000310                . = (. + _Min_Heap_Size)
 *fill*         0x0000000020000110      0x200 
                0x0000000020000710                . = (. + _Min_Stack_Size)
 *fill*         0x0000000020000310      0x400 
                0x0000000020000710                . = ALIGN (0x8)

/DISCARD/
 libc.a(*)
 libm.a(*)
 libgcc.a(*)

.ARM.attributes
                0x0000000000000000       0x29
 *(.ARM.attributes)
 .ARM.attributes
                0x0000000000000000       0x1d c:/st/stm32cubeide_1.7.0/stm32cubeide/plugins/com.st.stm32cube.ide.mcu.externaltools.gnu-tools-for-stm32.9-2020-q2-update.win32_2.0.0.202105311346/tools/bin/../lib/gcc/arm-none-eabi/9.3.1/thumb/v7-m/nofp/crti.o
 .ARM.attributes
                0x000000000000001d       0x2d c:/st/stm32cubeide_1.7.0/stm32cubeide/plugins/com.st.stm32cube.ide.mcu.externaltools.gnu-tools-for-stm32.9-2020-q2-update.win32_2.0.0.202105311346/tools/bin/../lib/gcc/arm-none-eabi/9.3.1/thumb/v7-m/nofp/crtbegin.o
 .ARM.attributes
                0x000000000000004a       0x2d ./Core/Src/button.o
 .ARM.attributes
                0x0000000000000077       0x33 ./Core/Src/global.o
 .ARM.attributes
                0x00000000000000aa       0x2d ./Core/Src/led7Seg.o
 .ARM.attributes
                0x00000000000000d7       0x2d ./Core/Src/main.o
 .ARM.attributes
                0x0000000000000104       0x2d ./Core/Src/set_traffic_light.o
 .ARM.attributes
                0x0000000000000131       0x2d ./Core/Src/stm32f1xx_hal_msp.o
 .ARM.attributes
                0x000000000000015e       0x2d ./Core/Src/stm32f1xx_it.o
 .ARM.attributes
                0x000000000000018b       0x2d ./Core/Src/system_stm32f1xx.o
 .ARM.attributes
                0x00000000000001b8       0x2d ./Core/Src/timer.o
 .ARM.attributes
                0x00000000000001e5       0x2d ./Core/Src/traffic_automatic.o
 .ARM.attributes
                0x0000000000000212       0x2d ./Core/Src/traffic_blink.o
 .ARM.attributes
                0x000000000000023f       0x2d ./Core/Src/trafic_modify.o
 .ARM.attributes
                0x000000000000026c       0x21 ./Core/Startup/startup_stm32f103c6ux.o
 .ARM.attributes
                0x000000000000028d       0x2d ./Drivers/STM32F1xx_HAL_Driver/Src/stm32f1xx_hal.o
 .ARM.attributes
                0x00000000000002ba       0x2d ./Drivers/STM32F1xx_HAL_Driver/Src/stm32f1xx_hal_cortex.o
 .ARM.attributes
                0x00000000000002e7       0x2d ./Drivers/STM32F1xx_HAL_Driver/Src/stm32f1xx_hal_gpio.o
 .ARM.attributes
                0x0000000000000314       0x2d ./Drivers/STM32F1xx_HAL_Driver/Src/stm32f1xx_hal_rcc.o
 .ARM.attributes
                0x0000000000000341       0x2d ./Drivers/STM32F1xx_HAL_Driver/Src/stm32f1xx_hal_tim.o
 .ARM.attributes
                0x000000000000036e       0x2d ./Drivers/STM32F1xx_HAL_Driver/Src/stm32f1xx_hal_tim_ex.o
 .ARM.attributes
                0x000000000000039b       0x2d c:/st/stm32cubeide_1.7.0/stm32cubeide/plugins/com.st.stm32cube.ide.mcu.externaltools.gnu-tools-for-stm32.9-2020-q2-update.win32_2.0.0.202105311346/tools/bin/../lib/gcc/arm-none-eabi/9.3.1/../../../../arm-none-eabi/lib/thumb/v7-m/nofp\libc_nano.a(lib_a-init.o)
 .ARM.attributes
                0x00000000000003c8       0x2d c:/st/stm32cubeide_1.7.0/stm32cubeide/plugins/com.st.stm32cube.ide.mcu.externaltools.gnu-tools-for-stm32.9-2020-q2-update.win32_2.0.0.202105311346/tools/bin/../lib/gcc/arm-none-eabi/9.3.1/../../../../arm-none-eabi/lib/thumb/v7-m/nofp\libc_nano.a(lib_a-memset.o)
 .ARM.attributes
                0x00000000000003f5       0x1d c:/st/stm32cubeide_1.7.0/stm32cubeide/plugins/com.st.stm32cube.ide.mcu.externaltools.gnu-tools-for-stm32.9-2020-q2-update.win32_2.0.0.202105311346/tools/bin/../lib/gcc/arm-none-eabi/9.3.1/thumb/v7-m/nofp/crtn.o
OUTPUT(Lab3.elf elf32-littlearm)
LOAD linker stubs
LOAD c:/st/stm32cubeide_1.7.0/stm32cubeide/plugins/com.st.stm32cube.ide.mcu.externaltools.gnu-tools-for-stm32.9-2020-q2-update.win32_2.0.0.202105311346/tools/bin/../lib/gcc/arm-none-eabi/9.3.1/../../../../arm-none-eabi/lib/thumb/v7-m/nofp\libc.a
LOAD c:/st/stm32cubeide_1.7.0/stm32cubeide/plugins/com.st.stm32cube.ide.mcu.externaltools.gnu-tools-for-stm32.9-2020-q2-update.win32_2.0.0.202105311346/tools/bin/../lib/gcc/arm-none-eabi/9.3.1/../../../../arm-none-eabi/lib/thumb/v7-m/nofp\libm.a
LOAD c:/st/stm32cubeide_1.7.0/stm32cubeide/plugins/com.st.stm32cube.ide.mcu.externaltools.gnu-tools-for-stm32.9-2020-q2-update.win32_2.0.0.202105311346/tools/bin/../lib/gcc/arm-none-eabi/9.3.1/thumb/v7-m/nofp\libgcc.a

.debug_info     0x0000000000000000     0x9970
 .debug_info    0x0000000000000000      0x420 ./Core/Src/button.o
 .debug_info    0x0000000000000420      0x11d ./Core/Src/global.o
 .debug_info    0x000000000000053d      0x34e ./Core/Src/led7Seg.o
 .debug_info    0x000000000000088b      0xc82 ./Core/Src/main.o
 .debug_info    0x000000000000150d      0x2d0 ./Core/Src/set_traffic_light.o
 .debug_info    0x00000000000017dd      0xa04 ./Core/Src/stm32f1xx_hal_msp.o
 .debug_info    0x00000000000021e1      0x7b4 ./Core/Src/stm32f1xx_it.o
 .debug_info    0x0000000000002995      0x2be ./Core/Src/system_stm32f1xx.o
 .debug_info    0x0000000000002c53      0x33a ./Core/Src/timer.o
 .debug_info    0x0000000000002f8d      0x2d4 ./Core/Src/traffic_automatic.o
 .debug_info    0x0000000000003261      0x2d0 ./Core/Src/traffic_blink.o
 .debug_info    0x0000000000003531      0x26a ./Core/Src/trafic_modify.o
 .debug_info    0x000000000000379b       0x22 ./Core/Startup/startup_stm32f103c6ux.o
 .debug_info    0x00000000000037bd      0x74c ./Drivers/STM32F1xx_HAL_Driver/Src/stm32f1xx_hal.o
 .debug_info    0x0000000000003f09      0xbbe ./Drivers/STM32F1xx_HAL_Driver/Src/stm32f1xx_hal_cortex.o
 .debug_info    0x0000000000004ac7      0x701 ./Drivers/STM32F1xx_HAL_Driver/Src/stm32f1xx_hal_gpio.o
 .debug_info    0x00000000000051c8      0x88e ./Drivers/STM32F1xx_HAL_Driver/Src/stm32f1xx_hal_rcc.o
 .debug_info    0x0000000000005a56     0x2a45 ./Drivers/STM32F1xx_HAL_Driver/Src/stm32f1xx_hal_tim.o
 .debug_info    0x000000000000849b     0x14d5 ./Drivers/STM32F1xx_HAL_Driver/Src/stm32f1xx_hal_tim_ex.o

.debug_abbrev   0x0000000000000000     0x1d24
 .debug_abbrev  0x0000000000000000      0x180 ./Core/Src/button.o
 .debug_abbrev  0x0000000000000180       0x53 ./Core/Src/global.o
 .debug_abbrev  0x00000000000001d3      0x150 ./Core/Src/led7Seg.o
 .debug_abbrev  0x0000000000000323      0x275 ./Core/Src/main.o
 .debug_abbrev  0x0000000000000598      0x12a ./Core/Src/set_traffic_light.o
 .debug_abbrev  0x00000000000006c2      0x1b7 ./Core/Src/stm32f1xx_hal_msp.o
 .debug_abbrev  0x0000000000000879      0x176 ./Core/Src/stm32f1xx_it.o
 .debug_abbrev  0x00000000000009ef      0x14e ./Core/Src/system_stm32f1xx.o
 .debug_abbrev  0x0000000000000b3d      0x11f ./Core/Src/timer.o
 .debug_abbrev  0x0000000000000c5c       0xd8 ./Core/Src/traffic_automatic.o
 .debug_abbrev  0x0000000000000d34      0x109 ./Core/Src/traffic_blink.o
 .debug_abbrev  0x0000000000000e3d       0xb6 ./Core/Src/trafic_modify.o
 .debug_abbrev  0x0000000000000ef3       0x12 ./Core/Startup/startup_stm32f103c6ux.o
 .debug_abbrev  0x0000000000000f05      0x1ed ./Drivers/STM32F1xx_HAL_Driver/Src/stm32f1xx_hal.o
 .debug_abbrev  0x00000000000010f2      0x313 ./Drivers/STM32F1xx_HAL_Driver/Src/stm32f1xx_hal_cortex.o
 .debug_abbrev  0x0000000000001405      0x1e8 ./Drivers/STM32F1xx_HAL_Driver/Src/stm32f1xx_hal_gpio.o
 .debug_abbrev  0x00000000000015ed      0x273 ./Drivers/STM32F1xx_HAL_Driver/Src/stm32f1xx_hal_rcc.o
 .debug_abbrev  0x0000000000001860      0x25e ./Drivers/STM32F1xx_HAL_Driver/Src/stm32f1xx_hal_tim.o
 .debug_abbrev  0x0000000000001abe      0x266 ./Drivers/STM32F1xx_HAL_Driver/Src/stm32f1xx_hal_tim_ex.o

.debug_aranges  0x0000000000000000      0xa88
 .debug_aranges
                0x0000000000000000       0x40 ./Core/Src/button.o
 .debug_aranges
                0x0000000000000040       0x18 ./Core/Src/global.o
 .debug_aranges
                0x0000000000000058       0x28 ./Core/Src/led7Seg.o
 .debug_aranges
                0x0000000000000080       0x48 ./Core/Src/main.o
 .debug_aranges
                0x00000000000000c8       0x28 ./Core/Src/set_traffic_light.o
 .debug_aranges
                0x00000000000000f0       0x30 ./Core/Src/stm32f1xx_hal_msp.o
 .debug_aranges
                0x0000000000000120       0x68 ./Core/Src/stm32f1xx_it.o
 .debug_aranges
                0x0000000000000188       0x28 ./Core/Src/system_stm32f1xx.o
 .debug_aranges
                0x00000000000001b0       0x48 ./Core/Src/timer.o
 .debug_aranges
                0x00000000000001f8       0x28 ./Core/Src/traffic_automatic.o
 .debug_aranges
                0x0000000000000220       0x20 ./Core/Src/traffic_blink.o
 .debug_aranges
                0x0000000000000240       0x20 ./Core/Src/trafic_modify.o
 .debug_aranges
                0x0000000000000260       0x28 ./Core/Startup/startup_stm32f103c6ux.o
 .debug_aranges
                0x0000000000000288       0xe0 ./Drivers/STM32F1xx_HAL_Driver/Src/stm32f1xx_hal.o
 .debug_aranges
                0x0000000000000368      0x100 ./Drivers/STM32F1xx_HAL_Driver/Src/stm32f1xx_hal_cortex.o
 .debug_aranges
                0x0000000000000468       0x58 ./Drivers/STM32F1xx_HAL_Driver/Src/stm32f1xx_hal_gpio.o
 .debug_aranges
                0x00000000000004c0       0x90 ./Drivers/STM32F1xx_HAL_Driver/Src/stm32f1xx_hal_rcc.o
 .debug_aranges
                0x0000000000000550      0x3d0 ./Drivers/STM32F1xx_HAL_Driver/Src/stm32f1xx_hal_tim.o
 .debug_aranges
                0x0000000000000920      0x168 ./Drivers/STM32F1xx_HAL_Driver/Src/stm32f1xx_hal_tim_ex.o

.debug_ranges   0x0000000000000000      0x958
 .debug_ranges  0x0000000000000000       0x30 ./Core/Src/button.o
 .debug_ranges  0x0000000000000030       0x18 ./Core/Src/led7Seg.o
 .debug_ranges  0x0000000000000048       0x38 ./Core/Src/main.o
 .debug_ranges  0x0000000000000080       0x18 ./Core/Src/set_traffic_light.o
 .debug_ranges  0x0000000000000098       0x20 ./Core/Src/stm32f1xx_hal_msp.o
 .debug_ranges  0x00000000000000b8       0x58 ./Core/Src/stm32f1xx_it.o
 .debug_ranges  0x0000000000000110       0x18 ./Core/Src/system_stm32f1xx.o
 .debug_ranges  0x0000000000000128       0x38 ./Core/Src/timer.o
 .debug_ranges  0x0000000000000160       0x18 ./Core/Src/traffic_automatic.o
 .debug_ranges  0x0000000000000178       0x10 ./Core/Src/traffic_blink.o
 .debug_ranges  0x0000000000000188       0x10 ./Core/Src/trafic_modify.o
 .debug_ranges  0x0000000000000198       0x20 ./Core/Startup/startup_stm32f103c6ux.o
 .debug_ranges  0x00000000000001b8       0xd0 ./Drivers/STM32F1xx_HAL_Driver/Src/stm32f1xx_hal.o
 .debug_ranges  0x0000000000000288       0xf0 ./Drivers/STM32F1xx_HAL_Driver/Src/stm32f1xx_hal_cortex.o
 .debug_ranges  0x0000000000000378       0x48 ./Drivers/STM32F1xx_HAL_Driver/Src/stm32f1xx_hal_gpio.o
 .debug_ranges  0x00000000000003c0       0x80 ./Drivers/STM32F1xx_HAL_Driver/Src/stm32f1xx_hal_rcc.o
 .debug_ranges  0x0000000000000440      0x3c0 ./Drivers/STM32F1xx_HAL_Driver/Src/stm32f1xx_hal_tim.o
 .debug_ranges  0x0000000000000800      0x158 ./Drivers/STM32F1xx_HAL_Driver/Src/stm32f1xx_hal_tim_ex.o

.debug_macro    0x0000000000000000    0x17030
 .debug_macro   0x0000000000000000      0x1c5 ./Core/Src/button.o
 .debug_macro   0x00000000000001c5      0xa9c ./Core/Src/button.o
 .debug_macro   0x0000000000000c61      0x215 ./Core/Src/button.o
 .debug_macro   0x0000000000000e76       0x2e ./Core/Src/button.o
 .debug_macro   0x0000000000000ea4       0x22 ./Core/Src/button.o
 .debug_macro   0x0000000000000ec6       0x22 ./Core/Src/button.o
 .debug_macro   0x0000000000000ee8       0x8e ./Core/Src/button.o
 .debug_macro   0x0000000000000f76       0x51 ./Core/Src/button.o
 .debug_macro   0x0000000000000fc7      0x103 ./Core/Src/button.o
 .debug_macro   0x00000000000010ca       0x6a ./Core/Src/button.o
 .debug_macro   0x0000000000001134      0x1df ./Core/Src/button.o
 .debug_macro   0x0000000000001313       0x1c ./Core/Src/button.o
 .debug_macro   0x000000000000132f       0x22 ./Core/Src/button.o
 .debug_macro   0x0000000000001351       0xc3 ./Core/Src/button.o
 .debug_macro   0x0000000000001414      0xd23 ./Core/Src/button.o
 .debug_macro   0x0000000000002137     0xde75 ./Core/Src/button.o
 .debug_macro   0x000000000000ffac       0x6d ./Core/Src/button.o
 .debug_macro   0x0000000000010019     0x3468 ./Core/Src/button.o
 .debug_macro   0x0000000000013481      0x174 ./Core/Src/button.o
 .debug_macro   0x00000000000135f5       0x5c ./Core/Src/button.o
 .debug_macro   0x0000000000013651      0x5be ./Core/Src/button.o
 .debug_macro   0x0000000000013c0f      0x1b7 ./Core/Src/button.o
 .debug_macro   0x0000000000013dc6      0x1cb ./Core/Src/button.o
 .debug_macro   0x0000000000013f91      0x114 ./Core/Src/button.o
 .debug_macro   0x00000000000140a5      0x1b2 ./Core/Src/button.o
 .debug_macro   0x0000000000014257       0x27 ./Core/Src/button.o
 .debug_macro   0x000000000001427e      0x12f ./Core/Src/button.o
 .debug_macro   0x00000000000143ad      0x1bc ./Core/Src/button.o
 .debug_macro   0x0000000000014569       0x34 ./Core/Src/button.o
 .debug_macro   0x000000000001459d       0x3c ./Core/Src/button.o
 .debug_macro   0x00000000000145d9       0x57 ./Core/Src/button.o
 .debug_macro   0x0000000000014630       0x88 ./Core/Src/button.o
 .debug_macro   0x00000000000146b8      0x183 ./Core/Src/button.o
 .debug_macro   0x000000000001483b      0x141 ./Core/Src/button.o
 .debug_macro   0x000000000001497c      0x8d1 ./Core/Src/button.o
 .debug_macro   0x000000000001524d       0x69 ./Core/Src/button.o
 .debug_macro   0x00000000000152b6       0xf4 ./Core/Src/button.o
 .debug_macro   0x00000000000153aa       0x4c ./Core/Src/button.o
 .debug_macro   0x00000000000153f6       0x10 ./Core/Src/button.o
 .debug_macro   0x0000000000015406       0x1a ./Core/Src/global.o
 .debug_macro   0x0000000000015420      0x1c4 ./Core/Src/led7Seg.o
 .debug_macro   0x00000000000155e4      0x205 ./Core/Src/main.o
 .debug_macro   0x00000000000157e9       0x16 ./Core/Src/main.o
 .debug_macro   0x00000000000157ff      0x1ba ./Core/Src/set_traffic_light.o
 .debug_macro   0x00000000000159b9      0x1a7 ./Core/Src/stm32f1xx_hal_msp.o
 .debug_macro   0x0000000000015b60      0x1b1 ./Core/Src/stm32f1xx_it.o
 .debug_macro   0x0000000000015d11      0x198 ./Core/Src/system_stm32f1xx.o
 .debug_macro   0x0000000000015ea9      0x1b1 ./Core/Src/timer.o
 .debug_macro   0x000000000001605a      0x1eb ./Core/Src/traffic_automatic.o
 .debug_macro   0x0000000000016245      0x1ce ./Core/Src/traffic_blink.o
 .debug_macro   0x0000000000016413      0x1eb ./Core/Src/trafic_modify.o
 .debug_macro   0x00000000000165fe      0x1bc ./Drivers/STM32F1xx_HAL_Driver/Src/stm32f1xx_hal.o
 .debug_macro   0x00000000000167ba      0x198 ./Drivers/STM32F1xx_HAL_Driver/Src/stm32f1xx_hal_cortex.o
 .debug_macro   0x0000000000016952      0x203 ./Drivers/STM32F1xx_HAL_Driver/Src/stm32f1xx_hal_gpio.o
 .debug_macro   0x0000000000016b55      0x1aa ./Drivers/STM32F1xx_HAL_Driver/Src/stm32f1xx_hal_rcc.o
 .debug_macro   0x0000000000016cff      0x199 ./Drivers/STM32F1xx_HAL_Driver/Src/stm32f1xx_hal_tim.o
 .debug_macro   0x0000000000016e98      0x198 ./Drivers/STM32F1xx_HAL_Driver/Src/stm32f1xx_hal_tim_ex.o

.debug_line     0x0000000000000000     0xc699
 .debug_line    0x0000000000000000      0x7ae ./Core/Src/button.o
 .debug_line    0x00000000000007ae       0x4d ./Core/Src/global.o
 .debug_line    0x00000000000007fb      0x713 ./Core/Src/led7Seg.o
 .debug_line    0x0000000000000f0e      0x8c1 ./Core/Src/main.o
 .debug_line    0x00000000000017cf      0x6f5 ./Core/Src/set_traffic_light.o
 .debug_line    0x0000000000001ec4      0x6a1 ./Core/Src/stm32f1xx_hal_msp.o
 .debug_line    0x0000000000002565      0x73f ./Core/Src/stm32f1xx_it.o
 .debug_line    0x0000000000002ca4      0x6e3 ./Core/Src/system_stm32f1xx.o
 .debug_line    0x0000000000003387      0x74a ./Core/Src/timer.o
 .debug_line    0x0000000000003ad1      0x7b0 ./Core/Src/traffic_automatic.o
 .debug_line    0x0000000000004281      0x6b1 ./Core/Src/traffic_blink.o
 .debug_line    0x0000000000004932      0x7b5 ./Core/Src/trafic_modify.o
 .debug_line    0x00000000000050e7       0x87 ./Core/Startup/startup_stm32f103c6ux.o
 .debug_line    0x000000000000516e      0x910 ./Drivers/STM32F1xx_HAL_Driver/Src/stm32f1xx_hal.o
 .debug_line    0x0000000000005a7e      0xaf8 ./Drivers/STM32F1xx_HAL_Driver/Src/stm32f1xx_hal_cortex.o
 .debug_line    0x0000000000006576      0x991 ./Drivers/STM32F1xx_HAL_Driver/Src/stm32f1xx_hal_gpio.o
 .debug_line    0x0000000000006f07      0xd1e ./Drivers/STM32F1xx_HAL_Driver/Src/stm32f1xx_hal_rcc.o
 .debug_line    0x0000000000007c25     0x326e ./Drivers/STM32F1xx_HAL_Driver/Src/stm32f1xx_hal_tim.o
 .debug_line    0x000000000000ae93     0x1806 ./Drivers/STM32F1xx_HAL_Driver/Src/stm32f1xx_hal_tim_ex.o

.debug_str      0x0000000000000000    0x8237c
 .debug_str     0x0000000000000000    0x7f754 ./Core/Src/button.o
                                      0x7fa98 (size before relaxing)
 .debug_str     0x000000000007f754       0x15 ./Core/Src/global.o
                                       0x2e65 (size before relaxing)
 .debug_str     0x000000000007f769       0xa9 ./Core/Src/led7Seg.o
                                      0x7f9f5 (size before relaxing)
 .debug_str     0x000000000007f812      0x769 ./Core/Src/main.o
                                      0x80224 (size before relaxing)
 .debug_str     0x000000000007ff7b       0x4c ./Core/Src/set_traffic_light.o
                                      0x7f9a6 (size before relaxing)
 .debug_str     0x000000000007ffc7      0x2ba ./Core/Src/stm32f1xx_hal_msp.o
                                      0x80037 (size before relaxing)
 .debug_str     0x0000000000080281       0xcd ./Core/Src/stm32f1xx_it.o
                                      0x7fd99 (size before relaxing)
 .debug_str     0x000000000008034e       0x52 ./Core/Src/system_stm32f1xx.o
                                      0x7f4ef (size before relaxing)
 .debug_str     0x00000000000803a0       0xcf ./Core/Src/timer.o
                                      0x7f93b (size before relaxing)
 .debug_str     0x000000000008046f       0x4b ./Core/Src/traffic_automatic.o
                                      0x7fa75 (size before relaxing)
 .debug_str     0x00000000000804ba       0x2a ./Core/Src/traffic_blink.o
                                      0x7f9f4 (size before relaxing)
 .debug_str     0x00000000000804e4       0x2f ./Core/Src/trafic_modify.o
                                      0x7fa56 (size before relaxing)
 .debug_str     0x0000000000080513       0x36 ./Core/Startup/startup_stm32f103c6ux.o
                                         0x5a (size before relaxing)
 .debug_str     0x0000000000080549      0x304 ./Drivers/STM32F1xx_HAL_Driver/Src/stm32f1xx_hal.o
                                      0x7fb46 (size before relaxing)
 .debug_str     0x000000000008084d      0x300 ./Drivers/STM32F1xx_HAL_Driver/Src/stm32f1xx_hal_cortex.o
                                      0x7fb4e (size before relaxing)
 .debug_str     0x0000000000080b4d      0x324 ./Drivers/STM32F1xx_HAL_Driver/Src/stm32f1xx_hal_gpio.o
                                      0x7f8b3 (size before relaxing)
 .debug_str     0x0000000000080e71      0x24f ./Drivers/STM32F1xx_HAL_Driver/Src/stm32f1xx_hal_rcc.o
                                      0x7f8ec (size before relaxing)
 .debug_str     0x00000000000810c0      0xdce ./Drivers/STM32F1xx_HAL_Driver/Src/stm32f1xx_hal_tim.o
                                      0x808be (size before relaxing)
 .debug_str     0x0000000000081e8e      0x4ee ./Drivers/STM32F1xx_HAL_Driver/Src/stm32f1xx_hal_tim_ex.o
                                      0x8006f (size before relaxing)

.comment        0x0000000000000000       0x53
 .comment       0x0000000000000000       0x53 ./Core/Src/button.o
                                         0x54 (size before relaxing)
 .comment       0x0000000000000053       0x54 ./Core/Src/global.o
 .comment       0x0000000000000053       0x54 ./Core/Src/led7Seg.o
 .comment       0x0000000000000053       0x54 ./Core/Src/main.o
 .comment       0x0000000000000053       0x54 ./Core/Src/set_traffic_light.o
 .comment       0x0000000000000053       0x54 ./Core/Src/stm32f1xx_hal_msp.o
 .comment       0x0000000000000053       0x54 ./Core/Src/stm32f1xx_it.o
 .comment       0x0000000000000053       0x54 ./Core/Src/system_stm32f1xx.o
 .comment       0x0000000000000053       0x54 ./Core/Src/timer.o
 .comment       0x0000000000000053       0x54 ./Core/Src/traffic_automatic.o
 .comment       0x0000000000000053       0x54 ./Core/Src/traffic_blink.o
 .comment       0x0000000000000053       0x54 ./Core/Src/trafic_modify.o
 .comment       0x0000000000000053       0x54 ./Drivers/STM32F1xx_HAL_Driver/Src/stm32f1xx_hal.o
 .comment       0x0000000000000053       0x54 ./Drivers/STM32F1xx_HAL_Driver/Src/stm32f1xx_hal_cortex.o
 .comment       0x0000000000000053       0x54 ./Drivers/STM32F1xx_HAL_Driver/Src/stm32f1xx_hal_gpio.o
 .comment       0x0000000000000053       0x54 ./Drivers/STM32F1xx_HAL_Driver/Src/stm32f1xx_hal_rcc.o
 .comment       0x0000000000000053       0x54 ./Drivers/STM32F1xx_HAL_Driver/Src/stm32f1xx_hal_tim.o
 .comment       0x0000000000000053       0x54 ./Drivers/STM32F1xx_HAL_Driver/Src/stm32f1xx_hal_tim_ex.o

.debug_frame    0x0000000000000000     0x28d8
 .debug_frame   0x0000000000000000       0xbc ./Core/Src/button.o
 .debug_frame   0x00000000000000bc       0x5c ./Core/Src/led7Seg.o
 .debug_frame   0x0000000000000118       0xd8 ./Core/Src/main.o
 .debug_frame   0x00000000000001f0       0x50 ./Core/Src/set_traffic_light.o
 .debug_frame   0x0000000000000240       0x80 ./Core/Src/stm32f1xx_hal_msp.o
 .debug_frame   0x00000000000002c0      0x120 ./Core/Src/stm32f1xx_it.o
 .debug_frame   0x00000000000003e0       0x58 ./Core/Src/system_stm32f1xx.o
 .debug_frame   0x0000000000000438       0xf8 ./Core/Src/timer.o
 .debug_frame   0x0000000000000530       0x48 ./Core/Src/traffic_automatic.o
 .debug_frame   0x0000000000000578       0x34 ./Core/Src/traffic_blink.o
 .debug_frame   0x00000000000005ac       0x2c ./Core/Src/trafic_modify.o
 .debug_frame   0x00000000000005d8      0x334 ./Drivers/STM32F1xx_HAL_Driver/Src/stm32f1xx_hal.o
 .debug_frame   0x000000000000090c      0x428 ./Drivers/STM32F1xx_HAL_Driver/Src/stm32f1xx_hal_cortex.o
 .debug_frame   0x0000000000000d34      0x14c ./Drivers/STM32F1xx_HAL_Driver/Src/stm32f1xx_hal_gpio.o
 .debug_frame   0x0000000000000e80      0x21c ./Drivers/STM32F1xx_HAL_Driver/Src/stm32f1xx_hal_rcc.o
 .debug_frame   0x000000000000109c     0x11b8 ./Drivers/STM32F1xx_HAL_Driver/Src/stm32f1xx_hal_tim.o
 .debug_frame   0x0000000000002254      0x638 ./Drivers/STM32F1xx_HAL_Driver/Src/stm32f1xx_hal_tim_ex.o
 .debug_frame   0x000000000000288c       0x2c c:/st/stm32cubeide_1.7.0/stm32cubeide/plugins/com.st.stm32cube.ide.mcu.externaltools.gnu-tools-for-stm32.9-2020-q2-update.win32_2.0.0.202105311346/tools/bin/../lib/gcc/arm-none-eabi/9.3.1/../../../../arm-none-eabi/lib/thumb/v7-m/nofp\libc_nano.a(lib_a-init.o)
 .debug_frame   0x00000000000028b8       0x20 c:/st/stm32cubeide_1.7.0/stm32cubeide/plugins/com.st.stm32cube.ide.mcu.externaltools.gnu-tools-for-stm32.9-2020-q2-update.win32_2.0.0.202105311346/tools/bin/../lib/gcc/arm-none-eabi/9.3.1/../../../../arm-none-eabi/lib/thumb/v7-m/nofp\libc_nano.a(lib_a-memset.o)
